
> vite_react_shadcn_ts@0.0.0 build
> vite build

[36mvite v5.4.19 [32mbuilding for production...[36m[39m
transforming...
node.exe : 
Browserslist: browsers 
data (caniuse-lite) is 
9 months old. Please 
run:
At line:1 char:1
+ & "C:\Program 
Files\nodejs/node.exe" 
"C:\Program 
Files\nodejs/node_mo 
...
+ ~~~~~~~~~~~~~~~~~~~~~
~~~~~~~~~~~~~~~~~~~~~~~
~~~~~~~~~~~~~~~~~~~~~~~
~~
    + CategoryInfo     
         : NotSpecifi  
  ed: (Browserslist:   
  b...ld. Please ru    
n::String) [], Rem    
oteException
    + FullyQualifiedEr 
   rorId : NativeComm  
  andError
 
  npx update-browsersli
st-db@latest
  Why you should do it 
regularly: https://gith
ub.com/browserslist/upd
ate-db#readme
[32mΓ£ô[39m 2864 modules transformed.
rendering chunks...
computing gzip size...
[2mdist/[22m[32mindex.html                          [39m[1m[2m    1.23 kB[22m[1m[22m[2m Γöé gzip:   0.56 kB[22m
[2mdist/[22m[35massets/index-BPYuwJ4O.css           [39m[1m[2m   72.86 kB[22m[1m[22m[2m Γöé gzip:  12.29 kB[22m
[2mdist/[22m[36massets/purify.es-C5KSVp3G.js        [39m[1m[2m   22.74 kB[22m[1m[22m[2m Γöé gzip:   8.79 kB[22m
[2mdist/[22m[36massets/index.es-Da-w_yTX.js         [39m[1m[2m  150.58 kB[22m[1m[22m[2m Γöé gzip:  51.53 kB[22m
[2mdist/[22m[36massets/html2canvas.esm-CBrSDip1.js  [39m[1m[2m  201.42 kB[22m[1m[22m[2m Γöé gzip:  48.03 kB[22m
[2mdist/[22m[36massets/index-hRSV4ohc.js            [39m[1m[33m1,243.70 kB[39m[22m[2m Γöé gzip: 385.75 kB[22m
[33m
(!) Some chunks are 
larger than 500 kB 
after minification. 
Consider:
- Using dynamic 
import() to code-split 
the application
- Use build.rollupOptio
ns.output.manualChunks 
to improve chunking: ht
tps://rollupjs.org/conf
iguration-options/#outp
ut-manualchunks
- Adjust chunk size 
limit for this warning 
via build.chunkSizeWarn
ingLimit.[39m
[32mΓ£ô built in 5.65s[39m
